<?xml version="1.0" encoding="utf-8"?><testsuites name="pytest tests"><testsuite name="pytest" errors="0" failures="0" skipped="0" tests="8" time="3.768" timestamp="2025-12-16T19:59:35.452937-03:00" hostname="LAPTOP-HEVGTHQ3"><testcase classname="test_price" name="test_normal_case_200_ok" time="0.005" /><testcase classname="test_price" name="test_api_down_500_retry_success" time="1.664" /><testcase classname="test_price" name="test_api_down_500_critical_failure" time="1.518" /><testcase classname="test_price" name="test_bad_data_critical_cases[bad_json0]" time="0.003" /><testcase classname="test_price" name="test_bad_data_critical_cases[bad_json1]" time="0.013" /><testcase classname="test_price" name="test_bad_data_critical_cases[bad_json2]" time="0.007" /><testcase classname="test_price" name="test_rate_limit_429_fail_fast" time="0.004" /><testcase classname="test_price" name="test_rate_limit_429_no_retry_after" time="0.009" /></testsuite></testsuites>